1 0
2 0
3 0
4 25
5 0
6 0
7 0
8 60
9 18
10 4
11 0
12 0
13 2
14 38
15 0
16 21
17 68
18 0
19 14
20 0
21 0
22 0
23 0
24 34
25 15
26 38
27 0
28 4
29 0
30 0
31 0
32 10
33 0
34 83
35 0
36 0
37 15
38 0
39 13
40 27
41 0
42 0
43 76
44 41
45 15
46 29
47 33
48 0
49 0
50 0
51 4
52 0
53 0
54 109
55 0
56 46
57 0
58 0
59 67
60 30
61 15
62 50
63 1000
64 0
65 0
66 33
67 0
68 5
69 0
70 0
71 58
72 61
73 87
74 16
75 1
76 0
77 0
78 118
79 0
80 0
81 0
82 0
83 0
84 10
85 22
86 0
87 24
88 5
89 30
90 18
91 0
92 0
93 0
94 0
95 2
96 33
97 6
98 21
99 114
100 0
