1 0
2 1
3 6
4 0
5 0
6 0
7 0
8 1
9 0
10 2
11 0
12 0
13 6
14 2
15 0
16 0
17 2
18 3
19 6
20 0
21 6
22 1
23 0
24 0
25 0
26 0
27 2
28 0
29 0
30 6
31 0
32 2
33 2
34 2
35 0
36 0
37 1
38 0
39 1
40 4
41 0
42 0
43 0
44 0
45 2
46 0
47 2
48 0
49 6
50 1
51 0
52 0
53 6
54 1
55 0
56 0
57 2
58 0
59 1
60 3
61 0
62 0
63 2
64 0
65 1
66 1
67 1
68 0
69 0
70 0
71 2
72 0
73 6
74 0
75 1
76 0
77 1
78 1
79 0
80 0
81 0
82 0
83 2
84 1
85 0
86 6
87 0
88 0
89 3
90 0
91 0
92 0
93 0
94 0
95 1
96 0
97 0
98 6
99 2
100 6
