1 3
2 2
3 3
4 997
5 979
6 8
7 100
8 100
9 154
10 4
11 988
12 974
13 991
14 7
15 984
16 100
17 9
18 965
19 8
20 8
21 100
22 7
23 7
24 5
25 987
26 4
27 100
28 163
29 9
30 6
31 6
32 993
33 8
34 183
35 5
36 2
37 5
38 181
39 6
40 100
41 7
42 389
43 6
44 1000
45 978
46 5
47 7
48 8
49 420
50 969
51 136
52 973
53 984
54 982
55 376
56 5
57 172
58 1
59 169
60 8
61 985
62 402
63 389
64 978
65 158
66 394
67 8
68 5
69 7
70 4
71 3
72 3
73 100
74 992
75 5
76 6
77 6
78 100
79 1000
80 140
81 6
82 7
83 178
84 398
85 166
86 383
87 6
88 406
89 100
90 8
91 980
92 5
93 145
94 6
95 7
96 9
97 100
98 8
99 377
100 995
