1 3
2 2
3 3
4 2
5 7
6 5
7 4
8 5
9 6
10 6
11 7
12 6
13 6
14 5
15 7
16 7
17 4
18 4
19 6
20 5
21 7
22 4
23 7
24 5
25 3
26 6
27 7
28 5
29 5
30 7
31 7
32 4
33 6
34 6
35 8
36 7
37 3
38 5
39 6
40 6
41 6
42 8
43 5
44 4
45 6
46 5
47 5
48 4
49 5
50 6
51 7
52 7
53 7
54 3
55 5
56 6
57 5
58 4
59 8
60 7
61 2
62 7
63 5
64 3
65 4
66 4
67 5
68 6
69 8
70 5
71 7
72 7
73 6
74 6
75 8
76 9
77 8
78 7
79 6
80 7
81 6
82 9
83 1
84 6
85 8
86 6
87 8
88 8
89 8
90 6
91 3
92 5
93 7
94 7
95 7
96 6
97 9
98 6
99 6
100 7
