1 YES
2 NO
3 NO
4 NO
5 NO
6 NO
7 NO
8 NO
9 NO
10 NO
11 YES
12 NO
13 NO
14 NO
15 YES
16 NO
17 NO
18 NO
19 NO
20 YES
21 YES
22 YES
23 NO
24 NO
25 NO
26 NO
27 YES
28 NO
29 NO
30 NO
31 YES
32 NO
33 NO
34 NO
35 NO
36 YES
37 YES
38 YES
39 NO
40 NO
41 YES
42 NO
43 NO
44 NO
45 YES
46 NO
47 NO
48 NO
49 NO
50 YES
51 NO
52 YES
53 NO
54 NO
55 YES
56 YES
57 YES
58 NO
59 NO
60 YES
61 NO
62 NO
63 NO
64 YES
65 YES
66 YES
67 NO
68 NO
69 NO
70 NO
71 NO
72 YES
73 YES
74 NO
75 YES
76 YES
77 NO
78 YES
79 YES
80 YES
81 YES
82 NO
83 YES
84 NO
85 YES
86 YES
87 NO
88 YES
89 NO
90 YES
91 YES
92 YES
93 NO
94 NO
95 YES
96 NO
97 NO
98 YES
99 YES
100 YES
