1 NO
2 NO
3 YES
4 YES
5 NO
6 NO
7 YES
8 NO
9 YES
10 NO
11 NO
12 YES
13 NO
14 NO
15 NO
16 NO
17 NO
18 YES
19 NO
20 YES
21 YES
22 YES
23 NO
24 NO
25 YES
26 NO
27 NO
28 YES
29 NO
30 NO
31 NO
32 NO
33 YES
34 NO
35 NO
36 NO
37 NO
38 YES
39 YES
40 YES
41 NO
42 NO
43 YES
44 NO
45 NO
46 NO
47 NO
48 YES
49 NO
50 YES
51 NO
52 NO
53 NO
54 YES
55 NO
56 YES
57 NO
58 NO
59 YES
60 YES
61 YES
62 NO
63 YES
64 NO
65 NO
66 NO
67 NO
68 NO
69 NO
70 NO
71 NO
72 YES
73 NO
74 YES
75 NO
76 NO
77 NO
78 NO
79 YES
80 YES
81 NO
82 YES
83 NO
84 NO
85 YES
86 NO
87 NO
88 NO
89 NO
90 YES
91 YES
92 NO
93 NO
94 NO
95 NO
96 YES
97 NO
98 YES
99 YES
100 NO
