1 GABRIEL
2 RICHARD
3 RICHARD
4 GABRIEL
5 RICHARD
6 RICHARD
7 RICHARD
8 RICHARD
9 GABRIEL
10 RICHARD
11 RICHARD
12 RICHARD
13 RICHARD
14 RICHARD
15 RICHARD
16 RICHARD
17 RICHARD
18 RICHARD
19 RICHARD
20 RICHARD
21 RICHARD
22 RICHARD
23 RICHARD
24 GABRIEL
25 RICHARD
26 RICHARD
27 RICHARD
28 RICHARD
29 GABRIEL
30 GABRIEL
31 RICHARD
32 RICHARD
33 RICHARD
34 RICHARD
35 RICHARD
36 RICHARD
37 RICHARD
38 RICHARD
39 RICHARD
40 RICHARD
41 RICHARD
42 GABRIEL
43 GABRIEL
44 GABRIEL
45 RICHARD
46 RICHARD
47 GABRIEL
48 RICHARD
49 RICHARD
50 RICHARD
51 RICHARD
52 RICHARD
53 RICHARD
54 RICHARD
55 GABRIEL
56 GABRIEL
57 RICHARD
58 RICHARD
59 GABRIEL
60 RICHARD
61 RICHARD
62 GABRIEL
63 RICHARD
64 RICHARD
65 RICHARD
66 RICHARD
67 RICHARD
68 RICHARD
69 GABRIEL
70 GABRIEL
71 GABRIEL
72 RICHARD
73 RICHARD
74 GABRIEL
75 GABRIEL
76 GABRIEL
77 RICHARD
78 GABRIEL
79 GABRIEL
80 RICHARD
81 RICHARD
82 GABRIEL
83 RICHARD
84 RICHARD
85 GABRIEL
86 RICHARD
87 GABRIEL
88 RICHARD
89 RICHARD
90 GABRIEL
91 RICHARD
92 RICHARD
93 GABRIEL
94 RICHARD
95 RICHARD
96 RICHARD
97 RICHARD
98 GABRIEL
99 GABRIEL
100 GABRIEL
