1 GABRIEL
2 RICHARD
3 RICHARD
4 GABRIEL
5 RICHARD
6 GABRIEL
7 GABRIEL
8 GABRIEL
9 RICHARD
10 GABRIEL
11 GABRIEL
12 GABRIEL
13 RICHARD
14 RICHARD
15 GABRIEL
16 GABRIEL
17 RICHARD
18 RICHARD
19 GABRIEL
20 GABRIEL
21 RICHARD
22 GABRIEL
23 GABRIEL
24 GABRIEL
25 GABRIEL
26 RICHARD
27 GABRIEL
28 RICHARD
29 RICHARD
30 RICHARD
31 GABRIEL
32 GABRIEL
33 GABRIEL
34 GABRIEL
35 RICHARD
36 RICHARD
37 RICHARD
38 GABRIEL
39 RICHARD
40 GABRIEL
41 GABRIEL
42 RICHARD
43 GABRIEL
44 GABRIEL
45 RICHARD
46 GABRIEL
47 RICHARD
48 RICHARD
49 GABRIEL
50 GABRIEL
51 GABRIEL
52 RICHARD
53 RICHARD
54 GABRIEL
55 RICHARD
56 RICHARD
57 RICHARD
58 GABRIEL
59 GABRIEL
60 RICHARD
61 RICHARD
62 GABRIEL
63 GABRIEL
64 GABRIEL
